0=https://www.doctoralia.com.br/medicos
1=https://www.doctoralia.com.br/medicos/1
2=https://www.doctoralia.com.br/medicos/2
3=https://www.doctoralia.com.br/medicos/3
4=https://www.doctoralia.com.br/medicos/4
5=https://www.doctoralia.com.br/medicos/5
6=https://www.doctoralia.com.br/medicos/6
7=https://www.doctoralia.com.br/medicos/7
8=https://www.doctoralia.com.br/medicos/8
9=https://www.doctoralia.com.br/medicos/9
10=https://www.doctoralia.com.br/medicos/10
11=https://www.doctoralia.com.br/medicos/11
12=https://www.doctoralia.com.br/medicos/12
13=https://www.doctoralia.com.br/medicos/13
14=https://www.doctoralia.com.br/medicos/14
15=https://www.doctoralia.com.br/medicos/15
16=https://www.doctoralia.com.br/medicos/16
17=https://www.doctoralia.com.br/medicos/17
18=https://www.doctoralia.com.br/medicos/18
19=https://www.doctoralia.com.br/medicos/19
20=https://www.doctoralia.com.br/medicos/20
21=https://www.doctoralia.com.br/medicos/21
22=https://www.doctoralia.com.br/medicos/22
23=https://www.doctoralia.com.br/medicos/23
24=https://www.doctoralia.com.br/medicos/24
25=https://www.doctoralia.com.br/medicos/25
26=https://www.doctoralia.com.br/medicos/26
27=https://www.doctoralia.com.br/medicos/27
28=https://www.doctoralia.com.br/medicos/28
29=https://www.doctoralia.com.br/medicos/29
30=https://www.doctoralia.com.br/medicos/30
31=https://www.doctoralia.com.br/medicos/31
32=https://www.doctoralia.com.br/medicos/32
33=https://www.doctoralia.com.br/medicos/33
34=https://www.doctoralia.com.br/medicos/34
35=https://www.doctoralia.com.br/medicos/35
36=https://www.doctoralia.com.br/medicos/36
37=https://www.doctoralia.com.br/medicos/37
38=https://www.doctoralia.com.br/medicos/38
39=https://www.doctoralia.com.br/medicos/39
40=https://www.doctoralia.com.br/medicos/40
41=https://www.doctoralia.com.br/medicos/41
42=https://www.doctoralia.com.br/medicos/42
43=https://www.doctoralia.com.br/medicos/43
44=https://www.doctoralia.com.br/medicos/44
45=https://www.doctoralia.com.br/medicos/45
46=https://www.doctoralia.com.br/medicos/46
47=https://www.doctoralia.com.br/medicos/47
48=https://www.doctoralia.com.br/medicos/48
49=https://www.doctoralia.com.br/medicos/49
50=https://www.doctoralia.com.br/medicos/50
51=https://www.doctoralia.com.br/medicos/51
52=https://www.doctoralia.com.br/medicos/52
53=https://www.doctoralia.com.br/medicos/53
54=https://www.doctoralia.com.br/medicos/54
55=https://www.doctoralia.com.br/medicos/55
56=https://www.doctoralia.com.br/medicos/56
57=https://www.doctoralia.com.br/medicos/57
58=https://www.doctoralia.com.br/medicos/58
59=https://www.doctoralia.com.br/medicos/59
60=https://www.doctoralia.com.br/medicos/60
61=https://www.doctoralia.com.br/medicos/61
62=https://www.doctoralia.com.br/medicos/62
63=https://www.doctoralia.com.br/medicos/63
64=https://www.doctoralia.com.br/medicos/64
65=https://www.doctoralia.com.br/medicos/65
66=https://www.doctoralia.com.br/medicos/66
67=https://www.doctoralia.com.br/medicos/67
68=https://www.doctoralia.com.br/medicos/68
69=https://www.doctoralia.com.br/medicos/69
70=https://www.doctoralia.com.br/medicos/70
71=https://www.doctoralia.com.br/medicos/71
72=https://www.doctoralia.com.br/medicos/72
73=https://www.doctoralia.com.br/medicos/73
74=https://www.doctoralia.com.br/medicos/74
75=https://www.doctoralia.com.br/medicos/75
76=https://www.doctoralia.com.br/medicos/76
77=https://www.doctoralia.com.br/medicos/77
78=https://www.doctoralia.com.br/medicos/78
79=https://www.doctoralia.com.br/medicos/79
80=https://www.doctoralia.com.br/medicos/80
81=https://www.doctoralia.com.br/medicos/81
82=https://www.doctoralia.com.br/medicos/82
83=https://www.doctoralia.com.br/medicos/83
84=https://www.doctoralia.com.br/medicos/84
85=https://www.doctoralia.com.br/medicos/85
86=https://www.doctoralia.com.br/medicos/86
87=https://www.doctoralia.com.br/medicos/87
88=https://www.doctoralia.com.br/medicos/88
89=https://www.doctoralia.com.br/medicos/89
90=https://www.doctoralia.com.br/medicos/90
91=https://www.doctoralia.com.br/medicos/91
92=https://www.doctoralia.com.br/medicos/92
93=https://www.doctoralia.com.br/medicos/93
94=https://www.doctoralia.com.br/medicos/94
95=https://www.doctoralia.com.br/medicos/95
96=https://www.doctoralia.com.br/medicos/96
97=https://www.doctoralia.com.br/medicos/97
98=https://www.doctoralia.com.br/medicos/98
99=https://www.doctoralia.com.br/medicos/99
100=https://www.doctoralia.com.br/medicos/100
101=https://www.doctoralia.com.br/medicos/101
102=https://www.doctoralia.com.br/medicos/102
103=https://www.doctoralia.com.br/medicos/103
104=https://www.doctoralia.com.br/medicos/104
105=https://www.doctoralia.com.br/medicos/105
106=https://www.doctoralia.com.br/medicos/106
107=https://www.doctoralia.com.br/medicos/107
108=https://www.doctoralia.com.br/medicos/108
109=https://www.doctoralia.com.br/medicos/109
110=https://www.doctoralia.com.br/medicos/110
111=https://www.doctoralia.com.br/medicos/111
112=https://www.doctoralia.com.br/medicos/112
113=https://www.doctoralia.com.br/medicos/113
114=https://www.doctoralia.com.br/medicos/114
115=https://www.doctoralia.com.br/medicos/115
116=https://www.doctoralia.com.br/medicos/116
117=https://www.doctoralia.com.br/medicos/117
118=https://www.doctoralia.com.br/medicos/118
119=https://www.doctoralia.com.br/medicos/119
120=https://www.doctoralia.com.br/medicos/120
121=https://www.doctoralia.com.br/medicos/121
122=https://www.doctoralia.com.br/medicos/122
123=https://www.doctoralia.com.br/medicos/123
124=https://www.doctoralia.com.br/medicos/124
125=https://www.doctoralia.com.br/medicos/125
126=https://www.doctoralia.com.br/medicos/126
127=https://www.doctoralia.com.br/medicos/127
128=https://www.doctoralia.com.br/medicos/128
129=https://www.doctoralia.com.br/medicos/129
130=https://www.doctoralia.com.br/medicos/130
131=https://www.doctoralia.com.br/medicos/131
132=https://www.doctoralia.com.br/medicos/132
133=https://www.doctoralia.com.br/medicos/133
134=https://www.doctoralia.com.br/medicos/134
135=https://www.doctoralia.com.br/medicos/135
136=https://www.doctoralia.com.br/medicos/136
137=https://www.doctoralia.com.br/medicos/137
138=https://www.doctoralia.com.br/medicos/138
139=https://www.doctoralia.com.br/medicos/139
140=https://www.doctoralia.com.br/medicos/140
141=https://www.doctoralia.com.br/medicos/141
142=https://www.doctoralia.com.br/medicos/142
143=https://www.doctoralia.com.br/medicos/143
144=https://www.doctoralia.com.br/medicos/144
145=https://www.doctoralia.com.br/medicos/145
146=https://www.doctoralia.com.br/medicos/146
147=https://www.doctoralia.com.br/medicos/147
148=https://www.doctoralia.com.br/medicos/148
149=https://www.doctoralia.com.br/medicos/149
150=https://www.doctoralia.com.br/medicos/150
151=https://www.doctoralia.com.br/medicos/151
152=https://www.doctoralia.com.br/medicos/152
153=https://www.doctoralia.com.br/medicos/153
154=https://www.doctoralia.com.br/medicos/154
155=https://www.doctoralia.com.br/medicos/155
156=https://www.doctoralia.com.br/medicos/156
157=https://www.doctoralia.com.br/medicos/157
158=https://www.doctoralia.com.br/medicos/158
159=https://www.doctoralia.com.br/medicos/159
160=https://www.doctoralia.com.br/medicos/160
161=https://www.doctoralia.com.br/medicos/161
162=https://www.doctoralia.com.br/medicos/162
163=https://www.doctoralia.com.br/medicos/163
164=https://www.doctoralia.com.br/medicos/164
165=https://www.doctoralia.com.br/medicos/165
166=https://www.doctoralia.com.br/medicos/166
167=https://www.doctoralia.com.br/medicos/167
168=https://www.doctoralia.com.br/medicos/168
169=https://www.doctoralia.com.br/medicos/169
170=https://www.doctoralia.com.br/medicos/170
171=https://www.doctoralia.com.br/medicos/171
172=https://www.doctoralia.com.br/medicos/172
173=https://www.doctoralia.com.br/medicos/173
174=https://www.doctoralia.com.br/medicos/174
175=https://www.doctoralia.com.br/medicos/175
176=https://www.doctoralia.com.br/medicos/176
177=https://www.doctoralia.com.br/medicos/177
178=https://www.doctoralia.com.br/medicos/178
179=https://www.doctoralia.com.br/medicos/179
180=https://www.doctoralia.com.br/medicos/180
181=https://www.doctoralia.com.br/medicos/181
182=https://www.doctoralia.com.br/medicos/182
183=https://www.doctoralia.com.br/medicos/183
184=https://www.doctoralia.com.br/medicos/184
185=https://www.doctoralia.com.br/medicos/185
186=https://www.doctoralia.com.br/medicos/186
187=https://www.doctoralia.com.br/medicos/187
188=https://www.doctoralia.com.br/medicos/188
189=https://www.doctoralia.com.br/medicos/189
190=https://www.doctoralia.com.br/medicos/190
191=https://www.doctoralia.com.br/medicos/191
192=https://www.doctoralia.com.br/medicos/192
193=https://www.doctoralia.com.br/medicos/193
194=https://www.doctoralia.com.br/medicos/194
195=https://www.doctoralia.com.br/medicos/195
196=https://www.doctoralia.com.br/medicos/196
197=https://www.doctoralia.com.br/medicos/197
198=https://www.doctoralia.com.br/medicos/198
199=https://www.doctoralia.com.br/medicos/199
200=https://www.doctoralia.com.br/medicos/200
